// Jest Snapshot v1, https://goo.gl/fbAQLP

exports[`astDag produces quads using lists 1`] = `
"@prefix rdf: <http://www.w3.org/1999/02/22-rdf-syntax-ns#> .
@prefix schema: <http://schema.org/> .
@prefix sh: <http://www.w3.org/ns/shacl#> .
@prefix xsd: <http://www.w3.org/2001/XMLSchema#> .
@prefix foaf: <http://xmlns.com/foaf/0.1/> .
@prefix purl: <http://purl.org/dc/terms/> .
@prefix rdfs: <http://www.w3.org/2000/01/rdf-schema#> .
@prefix ex: <http://example.org/> .
@prefix dot: <http://dottriples.org/> .
@prefix mark: <http://markdown.org/> .

_:b1 a mark:DocumentRoot ;
	mark:nodes (
		[
			rdf:type mark:Header ;
			mark:value \\"# Alice\\" ;
			mark:nodes (
				[
					rdf:type mark:Header ;
					mark:value \\"## A heading outside\\" ;
					mark:nodes (
						[
							rdf:type mark:Paragraph ;
							mark:value \\"number :: 42\\" ;
							mark:inline [
								rdf:type mark:Inline ;
								mark:inlineProperty \\"number \\" ;
								mark:inlineValue \\" 42\\" ;
							] ;
						]
					) ;
				]
			) ;
		]
		[
			rdf:type mark:Header ;
			mark:value \\"# Bob (age :: 42)\\" ;
			mark:nodes (
				[
					rdf:type mark:Header ;
					mark:value \\"## Interests\\" ;
					mark:nodes (
						[
							rdf:type mark:List ;
							mark:nodes (
								[
									rdf:type mark:ListItem ;
									mark:value \\"- Eating\\" ;
								]
								[
									rdf:type mark:ListItem ;
									mark:value \\"- Dancing\\" ;
								]
							) ;
						]
					) ;
				]
			) ;
			mark:inline [
				rdf:type mark:Inline ;
				mark:inlineProperty \\"age \\" ;
				mark:inlineValue \\" 42\\" ;
			] ;
		]
		[
			rdf:type mark:Header ;
			mark:value \\"# Charlie\\" ;
			mark:nodes (
				[
					rdf:type mark:Header ;
					mark:value \\"## Todo list\\" ;
					mark:nodes (
						[
							rdf:type mark:List ;
							mark:nodes (
								[
									rdf:type mark:ListItem ;
									mark:value \\"1. Waking up\\" ;
								]
								[
									rdf:type mark:ListItem ;
									mark:value \\"2. Drinking tea\\" ;
								]
							) ;
						]
					) ;
				]
				[
					rdf:type mark:Header ;
					mark:value \\"## Description\\" ;
					mark:nodes (
						[
							rdf:type mark:Paragraph ;
							mark:value \\"Charlie is a good guy. (age :: 56)\\" ;
							mark:inline [
								rdf:type mark:Inline ;
								mark:inlineProperty \\"age \\" ;
								mark:inlineValue \\" 56\\" ;
							] ;
						]
					) ;
				]
			) ;
		]
	) .

"
`;
