// Jest Snapshot v1, https://goo.gl/fbAQLP

exports[`extractBlockIds ## A header with some ^id 1`] = `
Array [
  "^id",
]
`;

exports[`extractBlockIds ^id1 and ^id2 1`] = `
Array [
  "^id1",
  "^id2",
]
`;

exports[`removeBlockIds ## A header with some ^id 1`] = `"## A header with some "`;

exports[`removeBlockIds ^id1 and ^id2 1`] = `" and "`;
